EECS470
EECS470 Lab 1 is released! Submit it via oj!
EECS470
Lab 1: 4/9
EECS470 Lab 2 is released! Submit it via oj!
EECS470
Lab 1: 4/9
Lab 2: 4/9
EECS470 Lab 3 is released! Submit it via oj!
EECS470 Lab 2 is finished!
EECS470
Lab 1: 4/9
Lab 3: 4/9
EECS470 Lab 4 is released! Submit it via oj!
EECS470 Lab 4 is finished!
EECS470 Lab 4 is released! Submit it via oj!
EECS470
Lab 1: 4/9
Lab 3: 4/9
Lab 4: 4/9
EECS470 Lab 5 is released! Submit it via oj!
EECS470
Lab 1: 4/9
Lab 3: 4/9
Lab 4: 4/9
Lab 5: 4/9
EECS470 Lab 6 is released! Submit it via oj!
EECS470
Lab 1: 4/9
Lab 3: 4/9
Lab 4: 4/9
Lab 5: 4/9
Lab 6: 4/9
EECS470 Lab 1 is finished!
EECS470 Lab 7 is released! Submit it via oj!
EECS470
Lab 3: 4/9
Lab 4: 4/9
Lab 5: 4/9
Lab 6: 4/9
Lab 7: 4/9
