EECS470 Project 1 is released! Submit it via oj!
EECS470 Project 1 is finished!
EECS470 Project 1 is released! Submit it via oj!
EECS470 Assignment 1 is released! Submit it via canvas!
EECS470 Assignment 2 is released! Submit it via canvas!
EECS470
Assignment 1: 9/8
Assignment 2: 9/8
Project 1: 11/11
EECS470 Assignment 1 is overdue!
EECS470 Assignment 1 is released! Submit it via canvas!
EECS470
Assignment 1: 9/8
Assignment 2: 9/8
Project 1: 11/11
EECS470 Team Project 1 is released! Submit it via github!
EECS470
Assignment 1: 9/8
Assignment 2: 9/8
Team Project 1: 9/8
Project 1: 11/11
