EECS470 Project 1 is released! Submit it via oj!
EECS470 Lab 1 is released! Submit it via oj!
EECS470 Team Project 1 is released! Submit it via github!
EECS470
Lab 1: 4/9
Team Project 1: 5/6
Project 1: 7/10
EECS470 Lab 1 is finished!
EECS470 Assignment 1 is released! Submit it via canvas!
EECS470 Assignment 2 is released! Submit it via canvas!
EECS470 Lab 2 is released! Submit it via oj!
EECS470
Team Project 1: 5/6
Project 1: 7/10
Assignment 2: 7/10
Assignment 1: 9/8
Lab 2: 11/2
EECS470
Project 1: 7/10
Assignment 2: 7/10
Assignment 1: 9/8
Team Project 1: 9/8
Lab 2: 11/2
EECS470
Project 1: 7/10
Assignment 2: 7/10
Assignment 1: 9/8
Team Project 1: 9/8
Lab 2: 11/2
